

0  :
                           '#' :     8

1  :
                           '#' :     8

2  :
             [^\000\n "#'\-:|] :    11
                          '\n' :    10
                           ' ' :    12
                           '"' :    14
                           '#' :     9
                          '\'' :    15
                           '-' :    13
                           ':' :    17
                           '|' :    16

3  :
             [^\000\n "#'\-:|] :    11
                          '\n' :    10
                           ' ' :    12
                           '"' :    14
                           '#' :     9
                          '\'' :    15
                           '-' :    13
                           ':' :    17
                           '|' :    16

4  :
                [^\000\n "#'|] :    22
                          '\n' :    19
                           ' ' :    20
                           '"' :    23
                           '#' :    18
                          '\'' :    24
                           '|' :    21

5  :
                [^\000\n "#'|] :    22
                          '\n' :    19
                           ' ' :    20
                           '"' :    23
                           '#' :    18
                          '\'' :    24
                           '|' :    21

6  :
                  [^\000\n #|] :    29
                          '\n' :    26
                           ' ' :    28
                           '#' :    25
                           '|' :    27

7  :
                  [^\000\n #|] :    29
                          '\n' :    26
                           ' ' :    28
                           '#' :    25
                           '|' :    27

8* :     1
                             . :     8

9* :     1     7     9
                    [^\000\n:] :    31
                           ':' :    30

10* :     2

11* :     7     9
                    [^\000\n:] :    32
                           ':' :    33

12* :     4
                           ' ' :    12
                           '-' :    34

13* :     5     9

14* :     7     9
                 [^\000\n":\\] :    38
                           '"' :    35
                           ':' :    36
                          '\\' :    37

15* :     7     9
                 [^\000\n':\\] :    41
                          '\'' :    35
                           ':' :    39
                          '\\' :    40

16* :     7     8     9
                    [^\000\n:] :    32
                           ':' :    33

17* :     9

18* :     1    13
                             . :     8

19* :    10

20* :    11
                           ' ' :    20

21* :    12    13

22* :    13

23* :    13
                  [^\000\n"\\] :    43
                           '"' :    44
                          '\\' :    42

24* :    13
                  [^\000\n'\\] :    46
                          '\'' :    44
                          '\\' :    45

25* :     1    18
                    [^\000\n|] :    25
                           '|' :     8

26* :    15

27* :    16

28* :    17    18
                   [^\000\n |] :    29
                           ' ' :    28

29* :    18
                    [^\000\n|] :    29

30* :     1     3
                             . :     8

31* :     1     7
                    [^\000\n:] :    31
                           ':' :    30

32* :     7
                    [^\000\n:] :    32
                           ':' :    33

33* :     3

34* :     5

35* :     6     7
                    [^\000\n:] :    32
                           ':' :    33

36* :     3
                  [^\000\n"\\] :    48
                           '"' :    49
                          '\\' :    47

37* :     7
                 [^\000\n":\\] :    38
                           '"' :    50
                           ':' :    36
                          '\\' :    37

38* :     7
                 [^\000\n":\\] :    38
                           '"' :    35
                           ':' :    36
                          '\\' :    37

39* :     3
                  [^\000\n'\\] :    52
                          '\'' :    49
                          '\\' :    51

40* :     7
                 [^\000\n':\\] :    41
                          '\'' :    53
                           ':' :    39
                          '\\' :    40

41* :     7
                 [^\000\n':\\] :    41
                          '\'' :    35
                           ':' :    39
                          '\\' :    40

42  :
                  [^\000\n"\\] :    43
                           '"' :    54
                          '\\' :    42

43  :
                  [^\000\n"\\] :    43
                           '"' :    44
                          '\\' :    42

44* :    14

45  :
                  [^\000\n'\\] :    46
                          '\'' :    55
                          '\\' :    45

46  :
                  [^\000\n'\\] :    46
                          '\'' :    44
                          '\\' :    45

47  :
                  [^\000\n"\\] :    48
                           '"' :    56
                          '\\' :    47

48  :
                  [^\000\n"\\] :    48
                           '"' :    49
                          '\\' :    47

49* :     6

50* :     6     7
                 [^\000\n":\\] :    38
                           '"' :    35
                           ':' :    36
                          '\\' :    37

51  :
                  [^\000\n'\\] :    52
                          '\'' :    57
                          '\\' :    51

52  :
                  [^\000\n'\\] :    52
                          '\'' :    49
                          '\\' :    51

53* :     6     7
                 [^\000\n':\\] :    41
                          '\'' :    35
                           ':' :    39
                          '\\' :    40

54* :    14
                  [^\000\n"\\] :    43
                           '"' :    44
                          '\\' :    42

55* :    14
                  [^\000\n'\\] :    46
                          '\'' :    44
                          '\\' :    45

56* :     6
                  [^\000\n"\\] :    48
                           '"' :    49
                          '\\' :    47

57* :     6
                  [^\000\n'\\] :    52
                          '\'' :    49
                          '\\' :    51
