
state 0:

	$accept : _ start $end
	$$1 : _	(1)

	.	reduce 1

	$$1	goto 1
	start	goto 2

state 1:

	start : $$1 _ OptionalJsonObjects
	OptionalJsonObjects : _	(3)
	OptionalIgnoredSpace : _	(5)

	_VALUE	shift 5
	$end	reduce 3
	_LEFT_SQUARE_BRACKET	reduce 5
	_LEFT_CURLY_BRACKET	reduce 5
	.	error

	OptionalIgnoredSpace	goto 3
	OptionalJsonObjects	goto 4

state 2:

	$accept : start _ $end

	$end	accept
	.	error

state 3:

	OptionalJsonObjects : OptionalIgnoredSpace _ JsonObjects OptionalIgnoredSpace

	_LEFT_SQUARE_BRACKET	shift 9
	_LEFT_CURLY_BRACKET	shift 10
	.	error

	JsonArray	goto 6
	JsonObject	goto 7
	JsonObjects	goto 8

state 4:

	start : $$1 OptionalJsonObjects _	(2)

	.	reduce 2

state 5:

	OptionalIgnoredSpace : _VALUE _	(6)

	.	reduce 6

state 6:

	JsonObjects : JsonArray _	(9)

	.	reduce 9

state 7:

	JsonObjects : JsonObject _	(7)

	.	reduce 7

state 8:

	OptionalJsonObjects : OptionalIgnoredSpace JsonObjects _ OptionalIgnoredSpace
	JsonObjects : JsonObjects _ JsonObject
	OptionalIgnoredSpace : _	(5)

	_VALUE	shift 5
	_LEFT_CURLY_BRACKET	shift 10
	$end	reduce 5
	.	error

	JsonObject	goto 11
	OptionalIgnoredSpace	goto 12

state 9:

	JsonArray : _LEFT_SQUARE_BRACKET _ $$6 optionalArrayValues _RIGHT_SQUARE_BRACKET
	$$6 : _	(29)

	.	reduce 29

	$$6	goto 13

state 10:

	JsonObject : _LEFT_CURLY_BRACKET _ $$2 Object $$3 _RIGHT_CURLY_BRACKET
	$$2 : _	(10)

	.	reduce 10

	$$2	goto 14

state 11:

	JsonObjects : JsonObjects JsonObject _	(8)

	.	reduce 8

state 12:

	OptionalJsonObjects : OptionalIgnoredSpace JsonObjects OptionalIgnoredSpace _	(4)

	.	reduce 4

state 13:

	JsonArray : _LEFT_SQUARE_BRACKET $$6 _ optionalArrayValues _RIGHT_SQUARE_BRACKET
	optionalArrayValues : _	(31)
	$$7 : _	(35)

	_RIGHT_SQUARE_BRACKET	reduce 31
	_LEFT_SQUARE_BRACKET	reduce 35
	_LEFT_CURLY_BRACKET	reduce 35
	_STRING	reduce 35
	_NUMBER	reduce 35
	_FALSE	reduce 35
	_NULL	reduce 35
	_TRUE	reduce 35
	.	error

	$$7	goto 15
	ArrayValue	goto 16
	ArrayValues	goto 17
	optionalArrayValues	goto 18

state 14:

	JsonObject : _LEFT_CURLY_BRACKET $$2 _ Object $$3 _RIGHT_CURLY_BRACKET
	OptionalListOfMembers : _	(14)
	$$4 : _	(18)

	_RIGHT_CURLY_BRACKET	reduce 14
	_STRING	reduce 18
	.	error

	$$4	goto 19
	Member	goto 20
	ListOfMembers	goto 21
	OptionalListOfMembers	goto 22
	Object	goto 23

state 15:

	ArrayValue : $$7 _ Value

	_LEFT_SQUARE_BRACKET	shift 9
	_LEFT_CURLY_BRACKET	shift 10
	_STRING	shift 27
	_NUMBER	shift 28
	_FALSE	shift 29
	_NULL	shift 30
	_TRUE	shift 31
	.	error

	Value	goto 24
	JsonArray	goto 25
	JsonObject	goto 26

state 16:

	ArrayValues : ArrayValue _	(33)

	.	reduce 33

state 17:

	optionalArrayValues : ArrayValues _	(32)
	ArrayValues : ArrayValues _ _COMMA ArrayValue

	_COMMA	shift 32
	_RIGHT_SQUARE_BRACKET	reduce 32
	.	error

state 18:

	JsonArray : _LEFT_SQUARE_BRACKET $$6 optionalArrayValues _ _RIGHT_SQUARE_BRACKET

	_RIGHT_SQUARE_BRACKET	shift 33
	.	error

state 19:

	Member : $$4 _ NameValuePair

	_STRING	shift 35
	.	error

	NameValuePair	goto 34

state 20:

	ListOfMembers : Member _	(16)

	.	reduce 16

state 21:

	OptionalListOfMembers : ListOfMembers _	(15)
	ListOfMembers : ListOfMembers _ _COMMA Member

	_COMMA	shift 36
	_RIGHT_CURLY_BRACKET	reduce 15
	.	error

state 22:

	Object : OptionalListOfMembers _	(13)

	.	reduce 13

state 23:

	JsonObject : _LEFT_CURLY_BRACKET $$2 Object _ $$3 _RIGHT_CURLY_BRACKET
	$$3 : _	(11)

	.	reduce 11

	$$3	goto 37

state 24:

	ArrayValue : $$7 Value _	(36)

	.	reduce 36

state 25:

	Value : JsonArray _	(25)

	.	reduce 25

state 26:

	Value : JsonObject _	(24)

	.	reduce 24

state 27:

	Value : _STRING _	(22)

	.	reduce 22

state 28:

	Value : _NUMBER _	(23)

	.	reduce 23

state 29:

	Value : _FALSE _	(27)

	.	reduce 27

state 30:

	Value : _NULL _	(28)

	.	reduce 28

state 31:

	Value : _TRUE _	(26)

	.	reduce 26

state 32:

	ArrayValues : ArrayValues _COMMA _ ArrayValue
	$$7 : _	(35)

	.	reduce 35

	$$7	goto 15
	ArrayValue	goto 38

state 33:

	JsonArray : _LEFT_SQUARE_BRACKET $$6 optionalArrayValues _RIGHT_SQUARE_BRACKET _	(30)

	.	reduce 30

state 34:

	Member : $$4 NameValuePair _	(19)

	.	reduce 19

state 35:

	NameValuePair : _STRING _ _COLON $$5 Value

	_COLON	shift 39
	.	error

state 36:

	ListOfMembers : ListOfMembers _COMMA _ Member
	$$4 : _	(18)

	.	reduce 18

	$$4	goto 19
	Member	goto 40

state 37:

	JsonObject : _LEFT_CURLY_BRACKET $$2 Object $$3 _ _RIGHT_CURLY_BRACKET

	_RIGHT_CURLY_BRACKET	shift 41
	.	error

state 38:

	ArrayValues : ArrayValues _COMMA ArrayValue _	(34)

	.	reduce 34

state 39:

	NameValuePair : _STRING _COLON _ $$5 Value
	$$5 : _	(20)

	.	reduce 20

	$$5	goto 42

state 40:

	ListOfMembers : ListOfMembers _COMMA Member _	(17)

	.	reduce 17

state 41:

	JsonObject : _LEFT_CURLY_BRACKET $$2 Object $$3 _RIGHT_CURLY_BRACKET _	(12)

	.	reduce 12

state 42:

	NameValuePair : _STRING _COLON $$5 _ Value

	_LEFT_SQUARE_BRACKET	shift 9
	_LEFT_CURLY_BRACKET	shift 10
	_STRING	shift 27
	_NUMBER	shift 28
	_FALSE	shift 29
	_NULL	shift 30
	_TRUE	shift 31
	.	error

	Value	goto 43
	JsonArray	goto 25
	JsonObject	goto 26

state 43:

	NameValuePair : _STRING _COLON $$5 Value _	(21)

	.	reduce 21

