
state 0:

	$accept : _ start $end
	$$1 : _	(1)

	.	reduce 1

	$$1	goto 1
	start	goto 2

state 1:

	start : $$1 _ OptionalYamlObjects
	OptionalYamlObjects : _	(3)
	$$2 : _	(7)

	$end	reduce 3
	_NAME	reduce 7
	_INDENT	reduce 7
	_HYPHENINDENT	reduce 7
	_ARRAYVALUE	reduce 7
	.	error

	$$2	goto 3
	YamlObject	goto 4
	YamlObjects	goto 5
	OptionalYamlObjects	goto 6

state 2:

	$accept : start _ $end

	$end	accept
	.	error

state 3:

	YamlObject : $$2 _ OptionalYamlIndent NameValuePair
	OptionalYamlIndent : _	(9)

	_INDENT	shift 9
	_NAME	reduce 9
	_HYPHENINDENT	reduce 9
	_ARRAYVALUE	reduce 9
	.	error

	YamlIndent	goto 7
	OptionalYamlIndent	goto 8

state 4:

	YamlObjects : YamlObject _	(5)

	.	reduce 5

state 5:

	OptionalYamlObjects : YamlObjects _	(4)
	YamlObjects : YamlObjects _ YamlObject
	$$2 : _	(7)

	$end	reduce 4
	_NAME	reduce 7
	_INDENT	reduce 7
	_HYPHENINDENT	reduce 7
	_ARRAYVALUE	reduce 7
	.	error

	$$2	goto 3
	YamlObject	goto 10

state 6:

	start : $$1 OptionalYamlObjects _	(2)

	.	reduce 2

state 7:

	OptionalYamlIndent : YamlIndent _	(10)

	.	reduce 10

state 8:

	YamlObject : $$2 OptionalYamlIndent _ NameValuePair

	_NAME	shift 14
	_HYPHENINDENT	shift 15
	_ARRAYVALUE	shift 16
	.	error

	arrayValueWithoutName	goto 11
	arrayEntry	goto 12
	NameValuePair	goto 13

state 9:

	YamlIndent : _INDENT _	(11)

	.	reduce 11

state 10:

	YamlObjects : YamlObjects YamlObject _	(6)

	.	reduce 6

state 11:

	NameValuePair : arrayValueWithoutName _	(14)

	.	reduce 14

state 12:

	NameValuePair : arrayEntry _	(13)

	.	reduce 13

state 13:

	YamlObject : $$2 OptionalYamlIndent NameValuePair _	(8)

	.	reduce 8

state 14:

	NameValuePair : _NAME _ OptionalValue
	OptionalValue : _	(17)

	_VALUE	shift 19
	$end	reduce 17
	_NAME	reduce 17
	_INDENT	reduce 17
	_HYPHENINDENT	reduce 17
	_ARRAYVALUE	reduce 17
	.	error

	Value	goto 17
	OptionalValue	goto 18

state 15:

	arrayEntry : _HYPHENINDENT _	(15)

	.	reduce 15

state 16:

	arrayValueWithoutName : _ARRAYVALUE _	(16)

	.	reduce 16

state 17:

	OptionalValue : Value _	(18)

	.	reduce 18

state 18:

	NameValuePair : _NAME OptionalValue _	(12)

	.	reduce 12

state 19:

	Value : _VALUE _	(19)

	.	reduce 19

