
state 0:

	$accept : _ start $end
	$$1 : _	(1)

	.	reduce 1

	$$1	goto 1
	start	goto 2

state 1:

	start : $$1 _ OptionalYamlObjects
	OptionalYamlObjects : _	(3)
	$$2 : _	(7)

	$end	reduce 3
	_NAME	reduce 7
	_HYPHENINDENT	reduce 7
	_ARRAYVALUE	reduce 7
	.	error

	$$2	goto 3
	YamlObject	goto 4
	YamlObjects	goto 5
	OptionalYamlObjects	goto 6

state 2:

	$accept : start _ $end

	$end	accept
	.	error

state 3:

	YamlObject : $$2 _ NameValuePair

	_NAME	shift 10
	_HYPHENINDENT	shift 11
	_ARRAYVALUE	shift 12
	.	error

	arrayValueWithoutName	goto 7
	arrayEntry	goto 8
	NameValuePair	goto 9

state 4:

	YamlObjects : YamlObject _	(5)

	.	reduce 5

state 5:

	OptionalYamlObjects : YamlObjects _	(4)
	YamlObjects : YamlObjects _ YamlObject
	$$2 : _	(7)

	$end	reduce 4
	_NAME	reduce 7
	_HYPHENINDENT	reduce 7
	_ARRAYVALUE	reduce 7
	.	error

	$$2	goto 3
	YamlObject	goto 13

state 6:

	start : $$1 OptionalYamlObjects _	(2)

	.	reduce 2

state 7:

	NameValuePair : arrayValueWithoutName _	(11)

	.	reduce 11

state 8:

	NameValuePair : arrayEntry _	(10)

	.	reduce 10

state 9:

	YamlObject : $$2 NameValuePair _	(8)

	.	reduce 8

state 10:

	NameValuePair : _NAME _ OptionalValue
	OptionalValue : _	(14)

	_VALUE	shift 16
	$end	reduce 14
	_NAME	reduce 14
	_HYPHENINDENT	reduce 14
	_ARRAYVALUE	reduce 14
	.	error

	Value	goto 14
	OptionalValue	goto 15

state 11:

	arrayEntry : _HYPHENINDENT _	(12)

	.	reduce 12

state 12:

	arrayValueWithoutName : _ARRAYVALUE _	(13)

	.	reduce 13

state 13:

	YamlObjects : YamlObjects YamlObject _	(6)

	.	reduce 6

state 14:

	OptionalValue : Value _	(15)

	.	reduce 15

state 15:

	NameValuePair : _NAME OptionalValue _	(9)

	.	reduce 9

state 16:

	Value : _VALUE _	(16)

	.	reduce 16

