

0  :

1  :

2  :
               [^\000\t\n &<>] :    17
                         [\t ] :    13
                          '\n' :    15
                           '&' :    16
                           '<' :    12
                           '>' :    14

3  :
               [^\000\t\n &<>] :    17
                         [\t ] :    13
                          '\n' :    15
                           '&' :    16
                           '<' :    12
                           '>' :    14

4  :
       [^\000\t\n "'/=>A-Za-z] :    25
                         [\t ] :    22
                          '\n' :    26
                           '"' :    20
                          '\'' :    21
                           '/' :    24
                           '=' :    18
                           '>' :    23
                      [A-Za-z] :    19

5  :
       [^\000\t\n "'/=>A-Za-z] :    25
                         [\t ] :    22
                          '\n' :    26
                           '"' :    20
                          '\'' :    21
                           '/' :    24
                           '=' :    18
                           '>' :    23
                      [A-Za-z] :    19

6  :
                [^\000\t\n &<] :    31
                         [\t ] :    28
                          '\n' :    29
                           '&' :    30
                           '<' :    27

7  :
                [^\000\t\n &<] :    31
                         [\t ] :    28
                          '\n' :    29
                           '&' :    30
                           '<' :    27

8  :
                   [^\000\n\]] :    33
                          '\n' :    34
                           ']' :    32

9  :
                   [^\000\n\]] :    33
                          '\n' :    34
                           ']' :    32

10  :
                  [^\000\n\-?] :    37
                          '\n' :    38
                           '-' :    36
                           '?' :    35

11  :
                  [^\000\n\-?] :    37
                          '\n' :    38
                           '-' :    36
                           '?' :    35

12* :     9
                    [^\000!/?] :    42
                           '!' :    39
                           '/' :    41
                           '?' :    40

13* :     9
                         [\t ] :    43
                          '\n' :    15
                           '>' :    44

14* :     4     9

15* :     7
                         [\t ] :    15

16* :     9
                      [^\000;] :    45

17* :     9

18* :    23    28

19* :    24    28
                   [^\000\n =] :    46

20* :    28
                      [^\000"] :    47
                           '"' :    48

21* :    28
                      [^\000'] :    49
                          '\'' :    48

22* :    28
                         [\t ] :    50
                           '>' :    51

23* :    26    28

24* :    28
                           '>' :    52

25* :    28

26* :    29

27* :    15
                    [^\000!/?] :    55
                           '!' :    53
                           '/' :    54

28* :    15
                         [\t ] :    56
                          '\n' :    29

29* :    13
                         [\t ] :    29

30* :    15
                      [^\000;] :    57

31* :    15

32* :    17
                           ']' :    58

33* :    17

34* :    18

35* :    21
                           '>' :    59

36* :    21
                           '-' :    60

37* :    21

38* :    22

39  :
                           '-' :    62
                           '[' :    61

40* :     3

41* :     5     6
                [^\000\t\n />] :    41
                         [\n/] :    63

42* :     6
                [^\000\t\n />] :    42

43  :
                         [\t ] :    43
                          '\n' :    15
                           '>' :    44

44* :     4

45  :
                      [^\000;] :    45
                           ';' :    64

46* :    24
                   [^\000\n =] :    46

47  :
                      [^\000"] :    47
                           '"' :    48

48* :    25

49  :
                      [^\000'] :    49
                          '\'' :    48

50  :
                         [\t ] :    50
                           '>' :    51

51* :    26

52* :    27

53  :
                           '[' :    65

54* :    11    12
                [^\000\t\n />] :    54
                         [\n/] :    66

55* :    12
                [^\000\t\n />] :    55

56  :
                         [\t ] :    56
                          '\n' :    29

57  :
                      [^\000;] :    57
                           ';' :    67

58  :
                           '>' :    68

59* :    19

60  :
                           '>' :    69

61  :
                           'C' :    70

62  :
                           '-' :    71

63* :     5
                   [^\000\t >] :    63

64* :     8

65  :
                           'C' :    72

66* :    11
                   [^\000\t >] :    66

67* :    14

68* :    16

69* :    20

70  :
                           'D' :    73

71* :     2

72  :
                           'D' :    74

73  :
                           'A' :    75

74  :
                           'A' :    76

75  :
                           'T' :    77

76  :
                           'T' :    78

77  :
                           'A' :    79

78  :
                           'A' :    80

79  :
                           '[' :    81

80  :
                           '[' :    82

81* :     1

82* :    10
