

0  :

1  :

2  :
               [^\000\t\n &<>] :    17
                         [\t ] :    13
                          '\n' :    15
                           '&' :    16
                           '<' :    12
                           '>' :    14

3  :
               [^\000\t\n &<>] :    17
                         [\t ] :    13
                          '\n' :    15
                           '&' :    16
                           '<' :    12
                           '>' :    14

4  :
       [^\000\t\n "'/=>A-Za-z] :    25
                         [\t ] :    22
                          '\n' :    26
                           '"' :    20
                          '\'' :    21
                           '/' :    24
                           '=' :    18
                           '>' :    23
                      [A-Za-z] :    19

5  :
       [^\000\t\n "'/=>A-Za-z] :    25
                         [\t ] :    22
                          '\n' :    26
                           '"' :    20
                          '\'' :    21
                           '/' :    24
                           '=' :    18
                           '>' :    23
                      [A-Za-z] :    19

6  :
                [^\000\t\n &<] :    31
                         [\t ] :    28
                          '\n' :    29
                           '&' :    30
                           '<' :    27

7  :
                [^\000\t\n &<] :    31
                         [\t ] :    28
                          '\n' :    29
                           '&' :    30
                           '<' :    27

8  :
                   [^\000\n\]] :    33
                          '\n' :    34
                           ']' :    32

9  :
                   [^\000\n\]] :    33
                          '\n' :    34
                           ']' :    32

10  :
                  [^\000\n\-?] :    37
                          '\n' :    38
                           '-' :    36
                           '?' :    35

11  :
                  [^\000\n\-?] :    37
                          '\n' :    38
                           '-' :    36
                           '?' :    35

12* :     9
                    [^\000!/?] :    42
                           '!' :    39
                           '/' :    41
                           '?' :    40

13* :     9
                         [\t ] :    43
                          '\n' :    15
                           '>' :    44

14* :     4     9

15* :     7
                         [\t ] :    15

16* :     9
                      [^\000;] :    45

17* :     9

18* :    24    29

19* :    25    29
                   [^\000\n =] :    46

20* :    29
                      [^\000"] :    47
                           '"' :    48

21* :    29
                      [^\000'] :    49
                          '\'' :    48

22* :    29
                         [\t ] :    50
                           '>' :    51

23* :    27    29

24* :    29
                           '>' :    52

25* :    29

26* :    30

27* :    16
                    [^\000!/?] :    55
                           '!' :    53
                           '/' :    54

28* :    16
                         [\t ] :    56
                          '\n' :    29

29* :    14
                         [\t ] :    29

30* :    16
                      [^\000;] :    57

31* :    16

32* :    18
                           ']' :    58

33* :    18

34* :    19

35* :    22
                           '>' :    59

36* :    22
                           '-' :    60

37* :    22

38* :    23

39  :
                           '-' :    62
                           '[' :    61

40* :     3

41* :     5     6
                [^\000\t\n />] :    41
                         [\n/] :    63

42* :     6
                [^\000\t\n />] :    42

43  :
                         [\t ] :    43
                          '\n' :    15
                           '>' :    44

44* :     4

45  :
                      [^\000;] :    45
                           ';' :    64

46* :    25
                   [^\000\n =] :    46

47  :
                      [^\000"] :    47
                           '"' :    48

48* :    26

49  :
                      [^\000'] :    49
                          '\'' :    48

50  :
                         [\t ] :    50
                           '>' :    51

51* :    27

52* :    28

53  :
                           '-' :    65
                           '[' :    66

54* :    12    13
                [^\000\t\n />] :    54
                         [\n/] :    67

55* :    13
                [^\000\t\n />] :    55

56  :
                         [\t ] :    56
                          '\n' :    29

57  :
                      [^\000;] :    57
                           ';' :    68

58  :
                           '>' :    69

59* :    20

60  :
                           '>' :    70

61  :
                           'C' :    71

62  :
                           '-' :    72

63* :     5
                   [^\000\t >] :    63

64* :     8

65  :
                           '-' :    73

66  :
                           'C' :    74

67* :    12
                   [^\000\t >] :    67

68* :    15

69* :    17

70* :    21

71  :
                           'D' :    75

72* :     2

73* :    10

74  :
                           'D' :    76

75  :
                           'A' :    77

76  :
                           'A' :    78

77  :
                           'T' :    79

78  :
                           'T' :    80

79  :
                           'A' :    81

80  :
                           'A' :    82

81  :
                           '[' :    83

82  :
                           '[' :    84

83* :     1

84* :    11
