
state 0:

	$accept : _ start $end
	$$1 : _	(1)

	.	reduce 1

	$$1	goto 1
	start	goto 2

state 1:

	start : $$1 _ OptionalJsonObjects
	OptionalJsonObjects : _	(3)
	OptionalIgnoredSpace : _	(5)

	$end	reduce 3
	_LEFT_SQUARE_BRACKET	reduce 5
	_LEFT_CURLY_BRACKET	reduce 5
	.	error

	_VALUE	goto 3
	OptionalIgnoredSpace	goto 4
	OptionalJsonObjects	goto 5

state 2:

	$accept : start _ $end

	$end	accept
	.	error

state 3:

	OptionalIgnoredSpace : _VALUE _	(6)

	.	reduce 6

state 4:

	OptionalJsonObjects : OptionalIgnoredSpace _ JsonObjects OptionalIgnoredSpace

	_LEFT_SQUARE_BRACKET	shift 8
	_LEFT_CURLY_BRACKET	shift 9
	.	error

	JsonObject	goto 6
	JsonObjects	goto 7

state 5:

	start : $$1 OptionalJsonObjects _	(2)

	.	reduce 2

state 6:

	JsonObjects : JsonObject _	(7)

	.	reduce 7

state 7:

	OptionalJsonObjects : OptionalIgnoredSpace JsonObjects _ OptionalIgnoredSpace
	JsonObjects : JsonObjects _ JsonObject
	OptionalIgnoredSpace : _	(5)

	_LEFT_CURLY_BRACKET	shift 9
	$end	reduce 5
	.	error

	JsonObject	goto 10
	_VALUE	goto 3
	OptionalIgnoredSpace	goto 11

state 8:

	JsonObjects : _LEFT_SQUARE_BRACKET _ $$2 optionalArrayValues _RIGHT_SQUARE_BRACKET
	$$2 : _	(9)

	.	reduce 9

	$$2	goto 12

state 9:

	JsonObject : _LEFT_CURLY_BRACKET _ $$3 Object $$4 _RIGHT_CURLY_BRACKET
	$$3 : _	(11)

	.	reduce 11

	$$3	goto 13

state 10:

	JsonObjects : JsonObjects JsonObject _	(8)

	.	reduce 8

state 11:

	OptionalJsonObjects : OptionalIgnoredSpace JsonObjects OptionalIgnoredSpace _	(4)

	.	reduce 4

state 12:

	JsonObjects : _LEFT_SQUARE_BRACKET $$2 _ optionalArrayValues _RIGHT_SQUARE_BRACKET
	optionalArrayValues : _	(32)
	$$8 : _	(36)

	_RIGHT_SQUARE_BRACKET	reduce 32
	_LEFT_SQUARE_BRACKET	reduce 36
	_LEFT_CURLY_BRACKET	reduce 36
	_STRING	reduce 36
	_NUMBER	reduce 36
	_FALSE	reduce 36
	_NULL	reduce 36
	_TRUE	reduce 36
	.	error

	$$8	goto 14
	ArrayValue	goto 15
	ArrayValues	goto 16
	optionalArrayValues	goto 17

state 13:

	JsonObject : _LEFT_CURLY_BRACKET $$3 _ Object $$4 _RIGHT_CURLY_BRACKET
	OptionalListOfMembers : _	(15)
	$$5 : _	(19)

	_RIGHT_CURLY_BRACKET	reduce 15
	_STRING	reduce 19
	.	error

	$$5	goto 18
	Member	goto 19
	ListOfMembers	goto 20
	OptionalListOfMembers	goto 21
	Object	goto 22

state 14:

	ArrayValue : $$8 _ Value

	_LEFT_SQUARE_BRACKET	shift 26
	_LEFT_CURLY_BRACKET	shift 9
	_STRING	shift 27
	_NUMBER	shift 28
	_FALSE	shift 29
	_NULL	shift 30
	_TRUE	shift 31
	.	error

	JsonArray	goto 23
	Value	goto 24
	JsonObject	goto 25

state 15:

	ArrayValues : ArrayValue _	(34)

	.	reduce 34

state 16:

	optionalArrayValues : ArrayValues _	(33)
	ArrayValues : ArrayValues _ _COMMA ArrayValue

	_COMMA	shift 32
	_RIGHT_SQUARE_BRACKET	reduce 33
	.	error

state 17:

	JsonObjects : _LEFT_SQUARE_BRACKET $$2 optionalArrayValues _ _RIGHT_SQUARE_BRACKET

	_RIGHT_SQUARE_BRACKET	shift 33
	.	error

state 18:

	Member : $$5 _ NameValuePair

	_STRING	shift 35
	.	error

	NameValuePair	goto 34

state 19:

	ListOfMembers : Member _	(17)

	.	reduce 17

state 20:

	OptionalListOfMembers : ListOfMembers _	(16)
	ListOfMembers : ListOfMembers _ _COMMA Member

	_COMMA	shift 36
	_RIGHT_CURLY_BRACKET	reduce 16
	.	error

state 21:

	Object : OptionalListOfMembers _	(14)

	.	reduce 14

state 22:

	JsonObject : _LEFT_CURLY_BRACKET $$3 Object _ $$4 _RIGHT_CURLY_BRACKET
	$$4 : _	(12)

	.	reduce 12

	$$4	goto 37

state 23:

	Value : JsonArray _	(26)

	.	reduce 26

state 24:

	ArrayValue : $$8 Value _	(37)

	.	reduce 37

state 25:

	Value : JsonObject _	(25)

	.	reduce 25

state 26:

	JsonArray : _LEFT_SQUARE_BRACKET _ $$7 optionalArrayValues _RIGHT_SQUARE_BRACKET
	$$7 : _	(30)

	.	reduce 30

	$$7	goto 38

state 27:

	Value : _STRING _	(23)

	.	reduce 23

state 28:

	Value : _NUMBER _	(24)

	.	reduce 24

state 29:

	Value : _FALSE _	(28)

	.	reduce 28

state 30:

	Value : _NULL _	(29)

	.	reduce 29

state 31:

	Value : _TRUE _	(27)

	.	reduce 27

state 32:

	ArrayValues : ArrayValues _COMMA _ ArrayValue
	$$8 : _	(36)

	.	reduce 36

	$$8	goto 14
	ArrayValue	goto 39

state 33:

	JsonObjects : _LEFT_SQUARE_BRACKET $$2 optionalArrayValues _RIGHT_SQUARE_BRACKET _	(10)

	.	reduce 10

state 34:

	Member : $$5 NameValuePair _	(20)

	.	reduce 20

state 35:

	NameValuePair : _STRING _ _COLON $$6 Value

	_COLON	shift 40
	.	error

state 36:

	ListOfMembers : ListOfMembers _COMMA _ Member
	$$5 : _	(19)

	.	reduce 19

	$$5	goto 18
	Member	goto 41

state 37:

	JsonObject : _LEFT_CURLY_BRACKET $$3 Object $$4 _ _RIGHT_CURLY_BRACKET

	_RIGHT_CURLY_BRACKET	shift 42
	.	error

state 38:

	JsonArray : _LEFT_SQUARE_BRACKET $$7 _ optionalArrayValues _RIGHT_SQUARE_BRACKET
	optionalArrayValues : _	(32)
	$$8 : _	(36)

	_RIGHT_SQUARE_BRACKET	reduce 32
	_LEFT_SQUARE_BRACKET	reduce 36
	_LEFT_CURLY_BRACKET	reduce 36
	_STRING	reduce 36
	_NUMBER	reduce 36
	_FALSE	reduce 36
	_NULL	reduce 36
	_TRUE	reduce 36
	.	error

	$$8	goto 14
	ArrayValue	goto 15
	ArrayValues	goto 16
	optionalArrayValues	goto 43

state 39:

	ArrayValues : ArrayValues _COMMA ArrayValue _	(35)

	.	reduce 35

state 40:

	NameValuePair : _STRING _COLON _ $$6 Value
	$$6 : _	(21)

	.	reduce 21

	$$6	goto 44

state 41:

	ListOfMembers : ListOfMembers _COMMA Member _	(18)

	.	reduce 18

state 42:

	JsonObject : _LEFT_CURLY_BRACKET $$3 Object $$4 _RIGHT_CURLY_BRACKET _	(13)

	.	reduce 13

state 43:

	JsonArray : _LEFT_SQUARE_BRACKET $$7 optionalArrayValues _ _RIGHT_SQUARE_BRACKET

	_RIGHT_SQUARE_BRACKET	shift 45
	.	error

state 44:

	NameValuePair : _STRING _COLON $$6 _ Value

	_LEFT_SQUARE_BRACKET	shift 26
	_LEFT_CURLY_BRACKET	shift 9
	_STRING	shift 27
	_NUMBER	shift 28
	_FALSE	shift 29
	_NULL	shift 30
	_TRUE	shift 31
	.	error

	JsonArray	goto 23
	Value	goto 46
	JsonObject	goto 25

state 45:

	JsonArray : _LEFT_SQUARE_BRACKET $$7 optionalArrayValues _RIGHT_SQUARE_BRACKET _	(31)

	.	reduce 31

state 46:

	NameValuePair : _STRING _COLON $$6 Value _	(22)

	.	reduce 22

