

0  :

1  :

2* :     9
                     [\t\n\c ] :     7
                           '"' :     6
                           ',' :     9
                           '.' :    15
                         [0-9] :    14
                           ':' :     8
                          [Ee] :    16
                           '[' :    10
                           ']' :    11
                           'f' :    17
                           'n' :    18
                           't' :    19
                           '{' :    12
                           '}' :    13

3* :     9
                     [\t\n\c ] :     7
                           '"' :     6
                           ',' :     9
                           '.' :    15
                         [0-9] :    14
                           ':' :     8
                          [Ee] :    16
                           '[' :    10
                           ']' :    11
                           'f' :    17
                           'n' :    18
                           't' :    19
                           '{' :    12
                           '}' :    13

4  :

5  :

6  :
                      [^\000"] :     6
                           '"' :    20

7* :     2

8* :     3

9* :     4

10* :     5

11* :     6

12* :     7

13* :     8

14* :     9
                           '.' :    15
                         [0-9] :    14
                          [Ee] :    16

15  :
                         [0-9] :    21

16  :
                         [+\-] :    22
                         [0-9] :    23

17  :
                           'a' :    24

18  :
                           'u' :    25

19  :
                           'r' :    26

20* :     1

21* :     9
                         [0-9] :    21
                          [Ee] :    16

22  :
                         [0-9] :    23

23* :     9
                         [0-9] :    23

24  :
                           'l' :    27

25  :
                           'l' :    28

26  :
                           'u' :    29

27  :
                           's' :    30

28  :
                           'l' :    31

29  :
                           'e' :    32

30  :
                           'e' :    33

31* :    11

32* :    12

33* :    10
