

0  :

1  :

2* :     9
                     [\t\n\c ] :     7
                           '"' :     6
                           ',' :     9
                           '.' :    15
                         [0-9] :    14
                           ':' :     8
                          [Ee] :    16
                           '[' :    10
                           ']' :    11
                           'f' :    17
                           'n' :    18
                           't' :    19
                           '{' :    12
                           '}' :    13

3* :     9
                     [\t\n\c ] :     7
                           '"' :     6
                           ',' :     9
                           '.' :    15
                         [0-9] :    14
                           ':' :     8
                          [Ee] :    16
                           '[' :    10
                           ']' :    11
                           'f' :    17
                           'n' :    18
                           't' :    19
                           '{' :    12
                           '}' :    13

4  :

5  :

6  :
                    [^\000"\\] :     6
                           '"' :    21
                          '\\' :    20

7* :     2

8* :     3

9* :     4

10* :     5

11* :     6

12* :     7

13* :     8

14* :     9
                           '.' :    15
                         [0-9] :    14
                          [Ee] :    16

15  :
                         [0-9] :    22

16  :
                         [+\-] :    23
                         [0-9] :    24

17  :
                           'a' :    25

18  :
                           'u' :    26

19  :
                           'r' :    27

20  :
                             . :     6

21* :     1

22* :     9
                         [0-9] :    22
                          [Ee] :    16

23  :
                         [0-9] :    24

24* :     9
                         [0-9] :    24

25  :
                           'l' :    28

26  :
                           'l' :    29

27  :
                           'u' :    30

28  :
                           's' :    31

29  :
                           'l' :    32

30  :
                           'e' :    33

31  :
                           'e' :    34

32* :    11

33* :    12

34* :    10
