

0  :
                             . :     6
                          '\n' :     7

1  :
                 [^\000\n */?] :     6
                          '\n' :     7
                           ' ' :    10
                           '*' :    11
                           '/' :     9
                           '?' :     8

2  :
        [^\000\n"',.0-9A-Za-z] :     6
                          '\n' :     7
                           '"' :    15
                          '\'' :    16
                           ',' :    18
                           '.' :    12
                         [0-9] :    17
                [A-OQ-Za-oq-z] :    13
                          [Pp] :    14

3  :
  [^\000\t\n\f "'*,.-9?A-Za-z] :     6
                        [\t\f] :    19
                          '\n' :     7
                           ' ' :    21
                           '"' :    15
                          '\'' :    16
                           '*' :    11
                           ',' :    18
                           '.' :    12
                           '/' :     9
                        [0-79] :    17
                           '8' :    20
                           '?' :     8
                [A-OQ-Za-oq-z] :    13
                          [Pp] :    14

4  :
[^\000\n()+\-0-9ABNPSVXZabnpsvxz] :     6
                          '\n' :     7
    [()+\-0-9ABNPSVXZabnpsvxz] :    22

5  :
[^\000\n (-+\-/-9?ABNPSVXZabnpsvxz] :     6
                          '\n' :     7
                           ' ' :    10
    [()+\-0-9ABNPSVXZabnpsvxz] :    22
                           '*' :    11
                           '/' :     9
                           '?' :     8

6* :    12

7* :    13

8* :    12
                             . :    23
                          '\n' :    24

9* :    12
                             . :    25
                          '\n' :    26

10* :    12
                          [*/] :    27

11* :    12
                             . :    27
                          '\n' :    28

12* :     1    12

13* :     2     6    12
                [\-0-9A-Z_a-z] :    29

14* :     2     6    12
          [\-0-9A-HJ-Z_a-hj-z] :    29
                          [Ii] :    30

15* :    12
                    [^\000\n"] :    31
                          '\n' :    32
                           '"' :    33

16* :    12
                    [^\000\n'] :    34
                          '\n' :    35
                          '\'' :    36

17* :     8    12
                         [0-9] :    37

18* :     9    12

19* :    12
                       [\t\f ] :    38
                           '8' :    39

20* :     8    12
                        [0-79] :    37
                           '8' :    40

21* :    12
                       [\t\f ] :    38
                          [*/] :    27
                           '8' :    39

22* :     4    12
    [()+\-0-9ABNPSVXZabnpsvxz] :    41

23  :
                             . :    23
                          '\n' :    24

24* :    10

25  :
                             . :    25
                          '\n' :    26

26* :    10    11

27  :
                             . :    27
                          '\n' :    28

28* :    11

29* :     2     6
                [\-0-9A-Z_a-z] :    29

30* :     2     6
            [\-0-9ABD-Z_abd-z] :    29
                          [Cc] :    42

31  :
                    [^\000\n"] :    31
                          '\n' :    32
                           '"' :    33

32  :
                  [^\000\n"\-] :    31
                          '\n' :    32
                           '"' :    33
                           '-' :    43

33* :     7
                           '"' :    31

34  :
                    [^\000\n'] :    34
                          '\n' :    35
                          '\'' :    36

35  :
                  [^\000\n'\-] :    34
                          '\n' :    35
                          '\'' :    36
                           '-' :    44

36* :     7
                          '\'' :    34

37* :     8
                         [0-9] :    37

38  :
                       [\t\f ] :    38
                           '8' :    39

39  :
                           '8' :    45

40* :     8
                       [\t\f ] :    46
                         [0-9] :    37

41* :     4
    [()+\-0-9ABNPSVXZabnpsvxz] :    41

42* :     2     6
                       [\t\f ] :    48
          [\-0-9A-SU-Z_a-su-z] :    29
                          [Tt] :    47

43  :
               [^\000\t\n\f "] :    31
                       [\t\f ] :    43
                          '\n' :    32
                           '"' :    49

44  :
               [^\000\t\n\f '] :    34
                       [\t\f ] :    44
                          '\n' :    35
                          '\'' :    50

45  :
                       [\t\f ] :    46

46* :     5
                       [\t\f ] :    46

47* :     2     6
          [\-0-9A-TV-Z_a-tv-z] :    29
                          [Uu] :    51

48* :     3
                          [Ii] :    52

49* :     7
                    [^\000\n"] :    31
                          '\n' :    32
                           '"' :    49

50* :     7
                    [^\000\n'] :    34
                          '\n' :    35
                          '\'' :    50

51* :     2     6
          [\-0-9A-QS-Z_a-qs-z] :    29
                          [Rr] :    53

52  :
                          [Ss] :    54

53* :     2     6
          [\-0-9A-DF-Z_a-df-z] :    29
                          [Ee] :    55

54  :
                       [\t\f ] :    56

55* :     2     6
                       [\t\f ] :    48
                [\-0-9A-Z_a-z] :    29

56* :     3
